// Jest Snapshot v1, https://goo.gl/fbAQLP

exports[`App tests should render default App component 1`] = `
<t
  LoadingComponent={null}
  initConfig={
    Object {
      "flow": "implicit",
      "onLoad": "login-required",
    }
  }
  isLoadingCheck={null}
  keycloak={
    Keycloak {
      "accountManagement": [Function],
      "callback_id": 0,
      "clearToken": [Function],
      "createAccountUrl": [Function],
      "createLoginUrl": [Function],
      "createLogoutUrl": [Function],
      "createRegisterUrl": [Function],
      "hasRealmRole": [Function],
      "hasResourceRole": [Function],
      "init": [Function],
      "isTokenExpired": [Function],
      "loadUserInfo": [Function],
      "loadUserProfile": [Function],
      "login": [Function],
      "logout": [Function],
      "register": [Function],
      "updateToken": [Function],
    }
  }
  onError={null}
  onEvent={null}
  onToken={null}
>
  <BrowserRouter>
    <AppLayout>
      <AppRoutes />
    </AppLayout>
  </BrowserRouter>
</t>
`;
